<!-- Animation {{{ -->
<div class="overlay">
<pre class="python tophalf">
            def augment_twice(a_list, val):
                a_list.append(val)
                a_list.append(val)
                return      # not really necessary

            nums = [1, 2, 3]
            augment_twice(nums, 7)
            print(nums)         # [1, 2, 3, 7, 7]
</pre>
</div>
<div class="overlay incremental">
<pre class="python tophalf" select="6">
            def augment_twice(a_list, val):
                a_list.append(val)
                a_list.append(val)
                return      # not really necessary

            nums = [1, 2, 3]
            augment_twice(nums, 7)
            print(nums)         # [1, 2, 3, 7, 7]
</pre>
<div class="opaque bottomhalf" style="text-align:center">
<svg baseProfile="full" height="400" version="1.1" width="500" xmlns="http://www.w3.org/2000/svg" xmlns:ev="http://www.w3.org/2001/xml-events" xmlns:xlink="http://www.w3.org/1999/xlink">
<defs>
<marker class="arrowend" id='newid0' markerHeight="10" markerWidth="10" orient="auto" refX="10" refY="5" viewBox="0,0,10,10">
<path d="M 0,0 L 10,5 L 0,10 L 1,5 z" />
</marker>
</defs>
<rect class="name" height="50" width="105" x="95" y="25" />
<text dy=".3em" text-anchor="middle" x="147.5" y="50">nums</text>
<rect class="list" height="50" width="40" x="275" y="25" />
<text dy=".3em" text-anchor="middle" x="295" y="50">1</text>
<rect class="list" height="50" width="40" x="315" y="25" />
<text dy=".3em" text-anchor="middle" x="335" y="50">2</text>
<rect class="list" height="50" width="40" x="355" y="25" />
<text dy=".3em" text-anchor="middle" x="375" y="50">3</text>
<path class="arrow" d="M 200,50 C 218,50 218,50 237,50 C 256,50 256,50 275,50" fill="none" marker-end="url(#newid0)" />
</svg>
</div>
</div>
<div class="overlay incremental">
<pre class="python tophalf" select="7">
            def augment_twice(a_list, val):
                a_list.append(val)
                a_list.append(val)
                return      # not really necessary

            nums = [1, 2, 3]
            augment_twice(nums, 7)
            print(nums)         # [1, 2, 3, 7, 7]
</pre>
<div class="opaque bottomhalf" style="text-align:center">
<svg baseProfile="full" height="400" version="1.1" width="500" xmlns="http://www.w3.org/2000/svg" xmlns:ev="http://www.w3.org/2001/xml-events" xmlns:xlink="http://www.w3.org/1999/xlink">
<defs>
<marker class="arrowend" id='newid1' markerHeight="10" markerWidth="10" orient="auto" refX="10" refY="5" viewBox="0,0,10,10">
<path d="M 0,0 L 10,5 L 0,10 L 1,5 z" />
</marker>
</defs>
<rect class="name" height="50" width="105" x="95" y="25" />
<text dy=".3em" text-anchor="middle" x="147.5" y="50">nums</text>
<rect class="list" height="50" width="40" x="275" y="25" />
<text dy=".3em" text-anchor="middle" x="295" y="50">1</text>
<rect class="list" height="50" width="40" x="315" y="25" />
<text dy=".3em" text-anchor="middle" x="335" y="50">2</text>
<rect class="list" height="50" width="40" x="355" y="25" />
<text dy=".3em" text-anchor="middle" x="375" y="50">3</text>
<path class="arrow" d="M 200,50 C 218,50 218,50 237,50 C 256,50 256,50 275,50" fill="none" marker-end="url(#newid1)" />
<rect class="frame" height="200" rx="20" ry="20" width="200" x="25" y="100" />
<text class="framelabel" dy=".3em" opacity="1" text-anchor="middle" x="125" y="125">augment_twice</text>
<rect class="name" height="50" width="107" x="93" y="150" />
<text dy=".3em" text-anchor="middle" x="146.5" y="175">a_list</text>
<path class="arrow" d="M 200,175 C 236,175 236,148 237,112 C 238,76 238,50 275,50" fill="none" marker-end="url(#newid1)" />
<rect class="name" height="50" width="82" x="118" y="225" />
<text dy=".3em" text-anchor="middle" x="159" y="250">val</text>
<circle class="int value" cx="300" cy="250" r="25" />
<text dy=".3em" text-anchor="middle" x="300" y="250">7</text>
<path class="arrow" d="M 200,250 C 218,250 218,250 237,250 C 256,250 256,250 275,250" fill="none" marker-end="url(#newid1)" />
</svg>
</div>
</div>
<div class="overlay incremental">
<pre class="python tophalf" select="1">
            def augment_twice(a_list, val):
                a_list.append(val)
                a_list.append(val)
                return      # not really necessary

            nums = [1, 2, 3]
            augment_twice(nums, 7)
            print(nums)         # [1, 2, 3, 7, 7]
</pre>
<div class="opaque bottomhalf" style="text-align:center">
<svg baseProfile="full" height="400" version="1.1" width="500" xmlns="http://www.w3.org/2000/svg" xmlns:ev="http://www.w3.org/2001/xml-events" xmlns:xlink="http://www.w3.org/1999/xlink">
<defs>
<marker class="arrowend" id='newid2' markerHeight="10" markerWidth="10" orient="auto" refX="10" refY="5" viewBox="0,0,10,10">
<path d="M 0,0 L 10,5 L 0,10 L 1,5 z" />
</marker>
</defs>
<rect class="name" height="50" width="105" x="95" y="25" />
<text dy=".3em" text-anchor="middle" x="147.5" y="50">nums</text>
<rect class="list" height="50" width="40" x="275" y="25" />
<text dy=".3em" text-anchor="middle" x="295" y="50">1</text>
<rect class="list" height="50" width="40" x="315" y="25" />
<text dy=".3em" text-anchor="middle" x="335" y="50">2</text>
<rect class="list" height="50" width="40" x="355" y="25" />
<text dy=".3em" text-anchor="middle" x="375" y="50">3</text>
<path class="arrow" d="M 200,50 C 218,50 218,50 237,50 C 256,50 256,50 275,50" fill="none" marker-end="url(#newid2)" />
<rect class="frame" height="200" rx="20" ry="20" width="200" x="25" y="100" />
<text class="framelabel" dy=".3em" opacity="1" text-anchor="middle" x="125" y="125">augment_twice</text>
<rect class="name" height="50" width="107" x="93" y="150" />
<text dy=".3em" text-anchor="middle" x="146.5" y="175">a_list</text>
<path class="arrow" d="M 200,175 C 236,175 236,148 237,112 C 238,76 238,50 275,50" fill="none" marker-end="url(#newid2)" />
<rect class="name" height="50" width="82" x="118" y="225" />
<text dy=".3em" text-anchor="middle" x="159" y="250">val</text>
<circle class="int value" cx="300" cy="250" r="25" />
<text dy=".3em" text-anchor="middle" x="300" y="250">7</text>
<path class="arrow" d="M 200,250 C 218,250 218,250 237,250 C 256,250 256,250 275,250" fill="none" marker-end="url(#newid2)" />
</svg>
</div>
</div>
<div class="overlay incremental">
<pre class="python tophalf" select="2">
            def augment_twice(a_list, val):
                a_list.append(val)
                a_list.append(val)
                return      # not really necessary

            nums = [1, 2, 3]
            augment_twice(nums, 7)
            print(nums)         # [1, 2, 3, 7, 7]
</pre>
<div class="opaque bottomhalf" style="text-align:center">
<svg baseProfile="full" height="400" version="1.1" width="500" xmlns="http://www.w3.org/2000/svg" xmlns:ev="http://www.w3.org/2001/xml-events" xmlns:xlink="http://www.w3.org/1999/xlink">
<defs>
<marker class="arrowend" id='newid3' markerHeight="10" markerWidth="10" orient="auto" refX="10" refY="5" viewBox="0,0,10,10">
<path d="M 0,0 L 10,5 L 0,10 L 1,5 z" />
</marker>
</defs>
<rect class="name" height="50" width="105" x="95" y="25" />
<text dy=".3em" text-anchor="middle" x="147.5" y="50">nums</text>
<rect class="list" height="50" width="40" x="275" y="25" />
<text dy=".3em" text-anchor="middle" x="295" y="50">1</text>
<rect class="list" height="50" width="40" x="315" y="25" />
<text dy=".3em" text-anchor="middle" x="335" y="50">2</text>
<rect class="list" height="50" width="40" x="355" y="25" />
<text dy=".3em" text-anchor="middle" x="375" y="50">3</text>
<path class="arrow" d="M 200,50 C 218,50 218,50 237,50 C 256,50 256,50 275,50" fill="none" marker-end="url(#newid3)" />
<rect class="frame" height="200" rx="20" ry="20" width="200" x="25" y="100" />
<text class="framelabel" dy=".3em" opacity="1" text-anchor="middle" x="125" y="125">augment_twice</text>
<rect class="name" height="50" width="107" x="93" y="150" />
<text dy=".3em" text-anchor="middle" x="146.5" y="175">a_list</text>
<path class="arrow" d="M 200,175 C 236,175 236,148 237,112 C 238,76 238,50 275,50" fill="none" marker-end="url(#newid3)" />
<rect class="name" height="50" width="82" x="118" y="225" />
<text dy=".3em" text-anchor="middle" x="159" y="250">val</text>
<circle class="int value" cx="300" cy="250" r="25" />
<text dy=".3em" text-anchor="middle" x="300" y="250">7</text>
<path class="arrow" d="M 200,250 C 218,250 218,250 237,250 C 256,250 256,250 275,250" fill="none" marker-end="url(#newid3)" />
<rect class="list" height="50" width="40" x="275" y="25" />
<text dy=".3em" text-anchor="middle" x="295" y="50">1</text>
<rect class="list" height="50" width="40" x="315" y="25" />
<text dy=".3em" text-anchor="middle" x="335" y="50">2</text>
<rect class="list" height="50" width="40" x="355" y="25" />
<text dy=".3em" text-anchor="middle" x="375" y="50">3</text>
<rect class="list" height="50" width="40" x="395" y="25" />
<text dy=".3em" text-anchor="middle" x="415" y="50">7</text>
<rect class="highlight" height="60" rx="5" ry="5" width="50" x="390" y="20" />
</svg>
</div>
</div>
<div class="overlay incremental">
<pre class="python tophalf" select="3">
            def augment_twice(a_list, val):
                a_list.append(val)
                a_list.append(val)
                return      # not really necessary

            nums = [1, 2, 3]
            augment_twice(nums, 7)
            print(nums)         # [1, 2, 3, 7, 7]
</pre>
<div class="opaque bottomhalf" style="text-align:center">
<svg baseProfile="full" height="400" version="1.1" width="500" xmlns="http://www.w3.org/2000/svg" xmlns:ev="http://www.w3.org/2001/xml-events" xmlns:xlink="http://www.w3.org/1999/xlink">
<defs>
<marker class="arrowend" id='newid4' markerHeight="10" markerWidth="10" orient="auto" refX="10" refY="5" viewBox="0,0,10,10">
<path d="M 0,0 L 10,5 L 0,10 L 1,5 z" />
</marker>
</defs>
<rect class="name" height="50" width="105" x="95" y="25" />
<text dy=".3em" text-anchor="middle" x="147.5" y="50">nums</text>
<rect class="list" height="50" width="40" x="275" y="25" />
<text dy=".3em" text-anchor="middle" x="295" y="50">1</text>
<rect class="list" height="50" width="40" x="315" y="25" />
<text dy=".3em" text-anchor="middle" x="335" y="50">2</text>
<rect class="list" height="50" width="40" x="355" y="25" />
<text dy=".3em" text-anchor="middle" x="375" y="50">3</text>
<path class="arrow" d="M 200,50 C 218,50 218,50 237,50 C 256,50 256,50 275,50" fill="none" marker-end="url(#newid4)" />
<rect class="frame" height="200" rx="20" ry="20" width="200" x="25" y="100" />
<text class="framelabel" dy=".3em" opacity="1" text-anchor="middle" x="125" y="125">augment_twice</text>
<rect class="name" height="50" width="107" x="93" y="150" />
<text dy=".3em" text-anchor="middle" x="146.5" y="175">a_list</text>
<path class="arrow" d="M 200,175 C 236,175 236,148 237,112 C 238,76 238,50 275,50" fill="none" marker-end="url(#newid4)" />
<rect class="name" height="50" width="82" x="118" y="225" />
<text dy=".3em" text-anchor="middle" x="159" y="250">val</text>
<circle class="int value" cx="300" cy="250" r="25" />
<text dy=".3em" text-anchor="middle" x="300" y="250">7</text>
<path class="arrow" d="M 200,250 C 218,250 218,250 237,250 C 256,250 256,250 275,250" fill="none" marker-end="url(#newid4)" />
<rect class="list" height="50" width="40" x="275" y="25" />
<text dy=".3em" text-anchor="middle" x="295" y="50">1</text>
<rect class="list" height="50" width="40" x="315" y="25" />
<text dy=".3em" text-anchor="middle" x="335" y="50">2</text>
<rect class="list" height="50" width="40" x="355" y="25" />
<text dy=".3em" text-anchor="middle" x="375" y="50">3</text>
<rect class="list" height="50" width="40" x="395" y="25" />
<text dy=".3em" text-anchor="middle" x="415" y="50">7</text>
<rect class="list" height="50" width="40" x="275" y="25" />
<text dy=".3em" text-anchor="middle" x="295" y="50">1</text>
<rect class="list" height="50" width="40" x="315" y="25" />
<text dy=".3em" text-anchor="middle" x="335" y="50">2</text>
<rect class="list" height="50" width="40" x="355" y="25" />
<text dy=".3em" text-anchor="middle" x="375" y="50">3</text>
<rect class="list" height="50" width="40" x="395" y="25" />
<text dy=".3em" text-anchor="middle" x="415" y="50">7</text>
<rect class="list" height="50" width="40" x="435" y="25" />
<text dy=".3em" text-anchor="middle" x="455" y="50">7</text>
<rect class="highlight" height="60" rx="5" ry="5" width="50" x="430" y="20" />
</svg>
</div>
</div>
<div class="overlay incremental">
<pre class="python tophalf" select="4">
            def augment_twice(a_list, val):
                a_list.append(val)
                a_list.append(val)
                return      # not really necessary

            nums = [1, 2, 3]
            augment_twice(nums, 7)
            print(nums)         # [1, 2, 3, 7, 7]
</pre>
<div class="opaque bottomhalf" style="text-align:center">
<svg baseProfile="full" height="400" version="1.1" width="500" xmlns="http://www.w3.org/2000/svg" xmlns:ev="http://www.w3.org/2001/xml-events" xmlns:xlink="http://www.w3.org/1999/xlink">
<defs>
<marker class="arrowend" id='newid5' markerHeight="10" markerWidth="10" orient="auto" refX="10" refY="5" viewBox="0,0,10,10">
<path d="M 0,0 L 10,5 L 0,10 L 1,5 z" />
</marker>
</defs>
<rect class="name" height="50" width="105" x="95" y="25" />
<text dy=".3em" text-anchor="middle" x="147.5" y="50">nums</text>
<rect class="list" height="50" width="40" x="275" y="25" />
<text dy=".3em" text-anchor="middle" x="295" y="50">1</text>
<rect class="list" height="50" width="40" x="315" y="25" />
<text dy=".3em" text-anchor="middle" x="335" y="50">2</text>
<rect class="list" height="50" width="40" x="355" y="25" />
<text dy=".3em" text-anchor="middle" x="375" y="50">3</text>
<path class="arrow" d="M 200,50 C 218,50 218,50 237,50 C 256,50 256,50 275,50" fill="none" marker-end="url(#newid5)" />
<rect class="frame" height="200" opacity="0.25" rx="20" ry="20" width="200" x="25" y="100" />
<text class="framelabel" dy=".3em" opacity="0.25" text-anchor="middle" x="125" y="125">augment_twice</text>
<rect class="name" height="50" opacity="0.25" width="107" x="93" y="150" />
<text dy=".3em" opacity="0.25" text-anchor="middle" x="146.5" y="175">a_list</text>
<path class="arrow" d="M 200,175 C 236,175 236,148 237,112 C 238,76 238,50 275,50" fill="none" marker-end="url(#newid5)" opacity="0.25" />
<rect class="name" height="50" opacity="0.25" width="82" x="118" y="225" />
<text dy=".3em" opacity="0.25" text-anchor="middle" x="159" y="250">val</text>
<circle class="int value" cx="300" cy="250" r="25" />
<text dy=".3em" text-anchor="middle" x="300" y="250">7</text>
<path class="arrow" d="M 200,250 C 218,250 218,250 237,250 C 256,250 256,250 275,250" fill="none" marker-end="url(#newid5)" opacity="0.25" />
<rect class="list" height="50" width="40" x="275" y="25" />
<text dy=".3em" text-anchor="middle" x="295" y="50">1</text>
<rect class="list" height="50" width="40" x="315" y="25" />
<text dy=".3em" text-anchor="middle" x="335" y="50">2</text>
<rect class="list" height="50" width="40" x="355" y="25" />
<text dy=".3em" text-anchor="middle" x="375" y="50">3</text>
<rect class="list" height="50" width="40" x="395" y="25" />
<text dy=".3em" text-anchor="middle" x="415" y="50">7</text>
<rect class="list" height="50" width="40" x="275" y="25" />
<text dy=".3em" text-anchor="middle" x="295" y="50">1</text>
<rect class="list" height="50" width="40" x="315" y="25" />
<text dy=".3em" text-anchor="middle" x="335" y="50">2</text>
<rect class="list" height="50" width="40" x="355" y="25" />
<text dy=".3em" text-anchor="middle" x="375" y="50">3</text>
<rect class="list" height="50" width="40" x="395" y="25" />
<text dy=".3em" text-anchor="middle" x="415" y="50">7</text>
<rect class="list" height="50" width="40" x="435" y="25" />
<text dy=".3em" text-anchor="middle" x="455" y="50">7</text>
</svg>
</div>
</div>
<div class="overlay incremental">
<pre class="python tophalf" select="4">
            def augment_twice(a_list, val):
                a_list.append(val)
                a_list.append(val)
                return      # not really necessary

            nums = [1, 2, 3]
            augment_twice(nums, 7)
            print(nums)         # [1, 2, 3, 7, 7]
</pre>
<div class="opaque bottomhalf" style="text-align:center">
<svg baseProfile="full" height="400" version="1.1" width="500" xmlns="http://www.w3.org/2000/svg" xmlns:ev="http://www.w3.org/2001/xml-events" xmlns:xlink="http://www.w3.org/1999/xlink">
<defs>
<marker class="arrowend" id='newid6' markerHeight="10" markerWidth="10" orient="auto" refX="10" refY="5" viewBox="0,0,10,10">
<path d="M 0,0 L 10,5 L 0,10 L 1,5 z" />
</marker>
</defs>
<rect class="name" height="50" width="105" x="95" y="25" />
<text dy=".3em" text-anchor="middle" x="147.5" y="50">nums</text>
<rect class="list" height="50" width="40" x="275" y="25" />
<text dy=".3em" text-anchor="middle" x="295" y="50">1</text>
<rect class="list" height="50" width="40" x="315" y="25" />
<text dy=".3em" text-anchor="middle" x="335" y="50">2</text>
<rect class="list" height="50" width="40" x="355" y="25" />
<text dy=".3em" text-anchor="middle" x="375" y="50">3</text>
<path class="arrow" d="M 200,50 C 218,50 218,50 237,50 C 256,50 256,50 275,50" fill="none" marker-end="url(#newid6)" />
<circle class="int value" cx="300" cy="250" opacity="0.25" r="25" />
<text dy=".3em" opacity="0.25" text-anchor="middle" x="300" y="250">7</text>
<rect class="list" height="50" width="40" x="275" y="25" />
<text dy=".3em" text-anchor="middle" x="295" y="50">1</text>
<rect class="list" height="50" width="40" x="315" y="25" />
<text dy=".3em" text-anchor="middle" x="335" y="50">2</text>
<rect class="list" height="50" width="40" x="355" y="25" />
<text dy=".3em" text-anchor="middle" x="375" y="50">3</text>
<rect class="list" height="50" width="40" x="395" y="25" />
<text dy=".3em" text-anchor="middle" x="415" y="50">7</text>
<rect class="list" height="50" width="40" x="275" y="25" />
<text dy=".3em" text-anchor="middle" x="295" y="50">1</text>
<rect class="list" height="50" width="40" x="315" y="25" />
<text dy=".3em" text-anchor="middle" x="335" y="50">2</text>
<rect class="list" height="50" width="40" x="355" y="25" />
<text dy=".3em" text-anchor="middle" x="375" y="50">3</text>
<rect class="list" height="50" width="40" x="395" y="25" />
<text dy=".3em" text-anchor="middle" x="415" y="50">7</text>
<rect class="list" height="50" width="40" x="435" y="25" />
<text dy=".3em" text-anchor="middle" x="455" y="50">7</text>
</svg>
</div>
</div>
<div class="overlay incremental">
<pre class="python tophalf" select="8">
            def augment_twice(a_list, val):
                a_list.append(val)
                a_list.append(val)
                return      # not really necessary

            nums = [1, 2, 3]
            augment_twice(nums, 7)
            print(nums)         # [1, 2, 3, 7, 7]
</pre>
<div class="opaque bottomhalf" style="text-align:center">
<svg baseProfile="full" height="400" version="1.1" width="500" xmlns="http://www.w3.org/2000/svg" xmlns:ev="http://www.w3.org/2001/xml-events" xmlns:xlink="http://www.w3.org/1999/xlink">
<defs>
<marker class="arrowend" id='newid7' markerHeight="10" markerWidth="10" orient="auto" refX="10" refY="5" viewBox="0,0,10,10">
<path d="M 0,0 L 10,5 L 0,10 L 1,5 z" />
</marker>
</defs>
<rect class="name" height="50" width="105" x="95" y="25" />
<text dy=".3em" text-anchor="middle" x="147.5" y="50">nums</text>
<rect class="list" height="50" width="40" x="275" y="25" />
<text dy=".3em" text-anchor="middle" x="295" y="50">1</text>
<rect class="list" height="50" width="40" x="315" y="25" />
<text dy=".3em" text-anchor="middle" x="335" y="50">2</text>
<rect class="list" height="50" width="40" x="355" y="25" />
<text dy=".3em" text-anchor="middle" x="375" y="50">3</text>
<path class="arrow" d="M 200,50 C 218,50 218,50 237,50 C 256,50 256,50 275,50" fill="none" marker-end="url(#newid7)" />
<rect class="list" height="50" width="40" x="275" y="25" />
<text dy=".3em" text-anchor="middle" x="295" y="50">1</text>
<rect class="list" height="50" width="40" x="315" y="25" />
<text dy=".3em" text-anchor="middle" x="335" y="50">2</text>
<rect class="list" height="50" width="40" x="355" y="25" />
<text dy=".3em" text-anchor="middle" x="375" y="50">3</text>
<rect class="list" height="50" width="40" x="395" y="25" />
<text dy=".3em" text-anchor="middle" x="415" y="50">7</text>
<rect class="list" height="50" width="40" x="275" y="25" />
<text dy=".3em" text-anchor="middle" x="295" y="50">1</text>
<rect class="list" height="50" width="40" x="315" y="25" />
<text dy=".3em" text-anchor="middle" x="335" y="50">2</text>
<rect class="list" height="50" width="40" x="355" y="25" />
<text dy=".3em" text-anchor="middle" x="375" y="50">3</text>
<rect class="list" height="50" width="40" x="395" y="25" />
<text dy=".3em" text-anchor="middle" x="415" y="50">7</text>
<rect class="list" height="50" width="40" x="435" y="25" />
<text dy=".3em" text-anchor="middle" x="455" y="50">7</text>
</svg>
</div>
</div>
<!-- }}} -->
