<!-- Animation {{{ -->
<div class="overlay">
<pre class="python tophalf">
            def augment_twice_bad(a_list, val):
                a_list = a_list + [val, val]
                return      # not really necessary

            nums = [1, 2, 3]
            augment_twice_bad(nums, 7)
            print(nums)         # [1, 2, 3]
</pre>
</div>
<div class="overlay incremental">
<pre class="python tophalf" select="5">
            def augment_twice_bad(a_list, val):
                a_list = a_list + [val, val]
                return      # not really necessary

            nums = [1, 2, 3]
            augment_twice_bad(nums, 7)
            print(nums)         # [1, 2, 3]
</pre>
<div class="opaque bottomhalf" style="text-align:center">
<svg baseProfile="full" height="400" version="1.1" width="550" xmlns="http://www.w3.org/2000/svg" xmlns:ev="http://www.w3.org/2001/xml-events" xmlns:xlink="http://www.w3.org/1999/xlink">
<defs>
<marker class="arrowend" id='newid0' markerHeight="10" markerWidth="10" orient="auto" refX="10" refY="5" viewBox="0,0,10,10">
<path d="M 0,0 L 10,5 L 0,10 L 1,5 z" />
</marker>
</defs>
<rect class="name" height="50" width="105" x="125" y="25" />
<text dy=".3em" text-anchor="middle" x="177.5" y="50">nums</text>
<rect class="list" height="50" width="40" x="305" y="25" />
<text dy=".3em" text-anchor="middle" x="325" y="50">1</text>
<rect class="list" height="50" width="40" x="345" y="25" />
<text dy=".3em" text-anchor="middle" x="365" y="50">2</text>
<rect class="list" height="50" width="40" x="385" y="25" />
<text dy=".3em" text-anchor="middle" x="405" y="50">3</text>
<path class="arrow" d="M 230,50 C 248,50 248,50 267,50 C 286,50 286,50 305,50" fill="none" marker-end="url(#newid0)" />
</svg>
</div>
</div>
<div class="overlay incremental">
<pre class="python tophalf" select="6">
            def augment_twice_bad(a_list, val):
                a_list = a_list + [val, val]
                return      # not really necessary

            nums = [1, 2, 3]
            augment_twice_bad(nums, 7)
            print(nums)         # [1, 2, 3]
</pre>
<div class="opaque bottomhalf" style="text-align:center">
<svg baseProfile="full" height="400" version="1.1" width="550" xmlns="http://www.w3.org/2000/svg" xmlns:ev="http://www.w3.org/2001/xml-events" xmlns:xlink="http://www.w3.org/1999/xlink">
<defs>
<marker class="arrowend" id='newid1' markerHeight="10" markerWidth="10" orient="auto" refX="10" refY="5" viewBox="0,0,10,10">
<path d="M 0,0 L 10,5 L 0,10 L 1,5 z" />
</marker>
</defs>
<rect class="name" height="50" width="105" x="125" y="25" />
<text dy=".3em" text-anchor="middle" x="177.5" y="50">nums</text>
<rect class="list" height="50" width="40" x="305" y="25" />
<text dy=".3em" text-anchor="middle" x="325" y="50">1</text>
<rect class="list" height="50" width="40" x="345" y="25" />
<text dy=".3em" text-anchor="middle" x="365" y="50">2</text>
<rect class="list" height="50" width="40" x="385" y="25" />
<text dy=".3em" text-anchor="middle" x="405" y="50">3</text>
<path class="arrow" d="M 230,50 C 248,50 248,50 267,50 C 286,50 286,50 305,50" fill="none" marker-end="url(#newid1)" />
<rect class="frame" height="200" rx="20" ry="20" width="230" x="25" y="100" />
<text class="framelabel" dy=".3em" opacity="1" text-anchor="middle" x="140" y="125">augment_twice_bad</text>
<rect class="name" height="50" width="107" x="123" y="150" />
<text dy=".3em" text-anchor="middle" x="176.5" y="175">a_list</text>
<path class="arrow" d="M 230,175 C 266,175 266,148 267,112 C 268,76 268,50 305,50" fill="none" marker-end="url(#newid1)" />
<rect class="name" height="50" width="82" x="148" y="225" />
<text dy=".3em" text-anchor="middle" x="189" y="250">val</text>
<circle class="int value" cx="330" cy="250" r="25" />
<text dy=".3em" text-anchor="middle" x="330" y="250">7</text>
<path class="arrow" d="M 230,250 C 248,250 248,250 267,250 C 286,250 286,250 305,250" fill="none" marker-end="url(#newid1)" />
</svg>
</div>
</div>
<div class="overlay incremental">
<pre class="python tophalf" select="1">
            def augment_twice_bad(a_list, val):
                a_list = a_list + [val, val]
                return      # not really necessary

            nums = [1, 2, 3]
            augment_twice_bad(nums, 7)
            print(nums)         # [1, 2, 3]
</pre>
<div class="opaque bottomhalf" style="text-align:center">
<svg baseProfile="full" height="400" version="1.1" width="550" xmlns="http://www.w3.org/2000/svg" xmlns:ev="http://www.w3.org/2001/xml-events" xmlns:xlink="http://www.w3.org/1999/xlink">
<defs>
<marker class="arrowend" id='newid2' markerHeight="10" markerWidth="10" orient="auto" refX="10" refY="5" viewBox="0,0,10,10">
<path d="M 0,0 L 10,5 L 0,10 L 1,5 z" />
</marker>
</defs>
<rect class="name" height="50" width="105" x="125" y="25" />
<text dy=".3em" text-anchor="middle" x="177.5" y="50">nums</text>
<rect class="list" height="50" width="40" x="305" y="25" />
<text dy=".3em" text-anchor="middle" x="325" y="50">1</text>
<rect class="list" height="50" width="40" x="345" y="25" />
<text dy=".3em" text-anchor="middle" x="365" y="50">2</text>
<rect class="list" height="50" width="40" x="385" y="25" />
<text dy=".3em" text-anchor="middle" x="405" y="50">3</text>
<path class="arrow" d="M 230,50 C 248,50 248,50 267,50 C 286,50 286,50 305,50" fill="none" marker-end="url(#newid2)" />
<rect class="frame" height="200" rx="20" ry="20" width="230" x="25" y="100" />
<text class="framelabel" dy=".3em" opacity="1" text-anchor="middle" x="140" y="125">augment_twice_bad</text>
<rect class="name" height="50" width="107" x="123" y="150" />
<text dy=".3em" text-anchor="middle" x="176.5" y="175">a_list</text>
<path class="arrow" d="M 230,175 C 266,175 266,148 267,112 C 268,76 268,50 305,50" fill="none" marker-end="url(#newid2)" />
<rect class="name" height="50" width="82" x="148" y="225" />
<text dy=".3em" text-anchor="middle" x="189" y="250">val</text>
<circle class="int value" cx="330" cy="250" r="25" />
<text dy=".3em" text-anchor="middle" x="330" y="250">7</text>
<path class="arrow" d="M 230,250 C 248,250 248,250 267,250 C 286,250 286,250 305,250" fill="none" marker-end="url(#newid2)" />
</svg>
</div>
</div>
<div class="overlay incremental">
<pre class="python tophalf" select="2">
            def augment_twice_bad(a_list, val):
                a_list = a_list + [val, val]
                return      # not really necessary

            nums = [1, 2, 3]
            augment_twice_bad(nums, 7)
            print(nums)         # [1, 2, 3]
</pre>
<div class="opaque bottomhalf" style="text-align:center">
<svg baseProfile="full" height="400" version="1.1" width="550" xmlns="http://www.w3.org/2000/svg" xmlns:ev="http://www.w3.org/2001/xml-events" xmlns:xlink="http://www.w3.org/1999/xlink">
<defs>
<marker class="arrowend" id='newid3' markerHeight="10" markerWidth="10" orient="auto" refX="10" refY="5" viewBox="0,0,10,10">
<path d="M 0,0 L 10,5 L 0,10 L 1,5 z" />
</marker>
</defs>
<rect class="name" height="50" width="105" x="125" y="25" />
<text dy=".3em" text-anchor="middle" x="177.5" y="50">nums</text>
<rect class="list" height="50" width="40" x="305" y="25" />
<text dy=".3em" text-anchor="middle" x="325" y="50">1</text>
<rect class="list" height="50" width="40" x="345" y="25" />
<text dy=".3em" text-anchor="middle" x="365" y="50">2</text>
<rect class="list" height="50" width="40" x="385" y="25" />
<text dy=".3em" text-anchor="middle" x="405" y="50">3</text>
<path class="arrow" d="M 230,50 C 248,50 248,50 267,50 C 286,50 286,50 305,50" fill="none" marker-end="url(#newid3)" />
<rect class="frame" height="200" rx="20" ry="20" width="230" x="25" y="100" />
<text class="framelabel" dy=".3em" opacity="1" text-anchor="middle" x="140" y="125">augment_twice_bad</text>
<rect class="name" height="50" width="107" x="123" y="150" />
<text dy=".3em" text-anchor="middle" x="176.5" y="175">a_list</text>
<path class="arrow" d="M 230,175 C 266,175 266,148 267,112 C 268,76 268,50 305,50" fill="none" marker-end="url(#newid3)" />
<rect class="name" height="50" width="82" x="148" y="225" />
<text dy=".3em" text-anchor="middle" x="189" y="250">val</text>
<circle class="int value" cx="330" cy="250" r="25" />
<text dy=".3em" text-anchor="middle" x="330" y="250">7</text>
<path class="arrow" d="M 230,250 C 248,250 248,250 267,250 C 286,250 286,250 305,250" fill="none" marker-end="url(#newid3)" />
<rect class="list" height="50" width="40" x="305" y="150" />
<text dy=".3em" text-anchor="middle" x="325" y="175">1</text>
<rect class="list" height="50" width="40" x="345" y="150" />
<text dy=".3em" text-anchor="middle" x="365" y="175">2</text>
<rect class="list" height="50" width="40" x="385" y="150" />
<text dy=".3em" text-anchor="middle" x="405" y="175">3</text>
<rect class="list" height="50" width="40" x="425" y="150" />
<text dy=".3em" text-anchor="middle" x="445" y="175">7</text>
<rect class="list" height="50" width="40" x="465" y="150" />
<text dy=".3em" text-anchor="middle" x="485" y="175">7</text>
</svg>
</div>
</div>
<div class="overlay incremental">
<pre class="python tophalf" select="2">
            def augment_twice_bad(a_list, val):
                a_list = a_list + [val, val]
                return      # not really necessary

            nums = [1, 2, 3]
            augment_twice_bad(nums, 7)
            print(nums)         # [1, 2, 3]
</pre>
<div class="opaque bottomhalf" style="text-align:center">
<svg baseProfile="full" height="400" version="1.1" width="550" xmlns="http://www.w3.org/2000/svg" xmlns:ev="http://www.w3.org/2001/xml-events" xmlns:xlink="http://www.w3.org/1999/xlink">
<defs>
<marker class="arrowend" id='newid4' markerHeight="10" markerWidth="10" orient="auto" refX="10" refY="5" viewBox="0,0,10,10">
<path d="M 0,0 L 10,5 L 0,10 L 1,5 z" />
</marker>
</defs>
<rect class="name" height="50" width="105" x="125" y="25" />
<text dy=".3em" text-anchor="middle" x="177.5" y="50">nums</text>
<rect class="list" height="50" width="40" x="305" y="25" />
<text dy=".3em" text-anchor="middle" x="325" y="50">1</text>
<rect class="list" height="50" width="40" x="345" y="25" />
<text dy=".3em" text-anchor="middle" x="365" y="50">2</text>
<rect class="list" height="50" width="40" x="385" y="25" />
<text dy=".3em" text-anchor="middle" x="405" y="50">3</text>
<path class="arrow" d="M 230,50 C 248,50 248,50 267,50 C 286,50 286,50 305,50" fill="none" marker-end="url(#newid4)" />
<rect class="frame" height="200" rx="20" ry="20" width="230" x="25" y="100" />
<text class="framelabel" dy=".3em" opacity="1" text-anchor="middle" x="140" y="125">augment_twice_bad</text>
<rect class="name" height="50" width="82" x="148" y="225" />
<text dy=".3em" text-anchor="middle" x="189" y="250">val</text>
<circle class="int value" cx="330" cy="250" r="25" />
<text dy=".3em" text-anchor="middle" x="330" y="250">7</text>
<path class="arrow" d="M 230,250 C 248,250 248,250 267,250 C 286,250 286,250 305,250" fill="none" marker-end="url(#newid4)" />
<rect class="name" height="50" width="107" x="123" y="150" />
<text dy=".3em" text-anchor="middle" x="176.5" y="175">a_list</text>
<rect class="list" height="50" width="40" x="305" y="150" />
<text dy=".3em" text-anchor="middle" x="325" y="175">1</text>
<rect class="list" height="50" width="40" x="345" y="150" />
<text dy=".3em" text-anchor="middle" x="365" y="175">2</text>
<rect class="list" height="50" width="40" x="385" y="150" />
<text dy=".3em" text-anchor="middle" x="405" y="175">3</text>
<rect class="list" height="50" width="40" x="425" y="150" />
<text dy=".3em" text-anchor="middle" x="445" y="175">7</text>
<rect class="list" height="50" width="40" x="465" y="150" />
<text dy=".3em" text-anchor="middle" x="485" y="175">7</text>
<path class="arrow" d="M 230,175 C 248,175 248,175 267,175 C 286,175 286,175 305,175" fill="none" marker-end="url(#newid4)" />
</svg>
</div>
</div>
<div class="overlay incremental">
<pre class="python tophalf" select="3">
            def augment_twice_bad(a_list, val):
                a_list = a_list + [val, val]
                return      # not really necessary

            nums = [1, 2, 3]
            augment_twice_bad(nums, 7)
            print(nums)         # [1, 2, 3]
</pre>
<div class="opaque bottomhalf" style="text-align:center">
<svg baseProfile="full" height="400" version="1.1" width="550" xmlns="http://www.w3.org/2000/svg" xmlns:ev="http://www.w3.org/2001/xml-events" xmlns:xlink="http://www.w3.org/1999/xlink">
<defs>
<marker class="arrowend" id='newid5' markerHeight="10" markerWidth="10" orient="auto" refX="10" refY="5" viewBox="0,0,10,10">
<path d="M 0,0 L 10,5 L 0,10 L 1,5 z" />
</marker>
</defs>
<rect class="name" height="50" width="105" x="125" y="25" />
<text dy=".3em" text-anchor="middle" x="177.5" y="50">nums</text>
<rect class="list" height="50" width="40" x="305" y="25" />
<text dy=".3em" text-anchor="middle" x="325" y="50">1</text>
<rect class="list" height="50" width="40" x="345" y="25" />
<text dy=".3em" text-anchor="middle" x="365" y="50">2</text>
<rect class="list" height="50" width="40" x="385" y="25" />
<text dy=".3em" text-anchor="middle" x="405" y="50">3</text>
<path class="arrow" d="M 230,50 C 248,50 248,50 267,50 C 286,50 286,50 305,50" fill="none" marker-end="url(#newid5)" />
<rect class="frame" height="200" opacity="0.25" rx="20" ry="20" width="230" x="25" y="100" />
<text class="framelabel" dy=".3em" opacity="0.25" text-anchor="middle" x="140" y="125">augment_twice_bad</text>
<rect class="name" height="50" opacity="0.25" width="82" x="148" y="225" />
<text dy=".3em" opacity="0.25" text-anchor="middle" x="189" y="250">val</text>
<circle class="int value" cx="330" cy="250" r="25" />
<text dy=".3em" text-anchor="middle" x="330" y="250">7</text>
<path class="arrow" d="M 230,250 C 248,250 248,250 267,250 C 286,250 286,250 305,250" fill="none" marker-end="url(#newid5)" opacity="0.25" />
<rect class="name" height="50" opacity="0.25" width="107" x="123" y="150" />
<text dy=".3em" opacity="0.25" text-anchor="middle" x="176.5" y="175">a_list</text>
<rect class="list" height="50" width="40" x="305" y="150" />
<text dy=".3em" text-anchor="middle" x="325" y="175">1</text>
<rect class="list" height="50" width="40" x="345" y="150" />
<text dy=".3em" text-anchor="middle" x="365" y="175">2</text>
<rect class="list" height="50" width="40" x="385" y="150" />
<text dy=".3em" text-anchor="middle" x="405" y="175">3</text>
<rect class="list" height="50" width="40" x="425" y="150" />
<text dy=".3em" text-anchor="middle" x="445" y="175">7</text>
<rect class="list" height="50" width="40" x="465" y="150" />
<text dy=".3em" text-anchor="middle" x="485" y="175">7</text>
<path class="arrow" d="M 230,175 C 248,175 248,175 267,175 C 286,175 286,175 305,175" fill="none" marker-end="url(#newid5)" opacity="0.25" />
</svg>
</div>
</div>
<div class="overlay incremental">
<pre class="python tophalf" select="3">
            def augment_twice_bad(a_list, val):
                a_list = a_list + [val, val]
                return      # not really necessary

            nums = [1, 2, 3]
            augment_twice_bad(nums, 7)
            print(nums)         # [1, 2, 3]
</pre>
<div class="opaque bottomhalf" style="text-align:center">
<svg baseProfile="full" height="400" version="1.1" width="550" xmlns="http://www.w3.org/2000/svg" xmlns:ev="http://www.w3.org/2001/xml-events" xmlns:xlink="http://www.w3.org/1999/xlink">
<defs>
<marker class="arrowend" id='newid6' markerHeight="10" markerWidth="10" orient="auto" refX="10" refY="5" viewBox="0,0,10,10">
<path d="M 0,0 L 10,5 L 0,10 L 1,5 z" />
</marker>
</defs>
<rect class="name" height="50" width="105" x="125" y="25" />
<text dy=".3em" text-anchor="middle" x="177.5" y="50">nums</text>
<rect class="list" height="50" width="40" x="305" y="25" />
<text dy=".3em" text-anchor="middle" x="325" y="50">1</text>
<rect class="list" height="50" width="40" x="345" y="25" />
<text dy=".3em" text-anchor="middle" x="365" y="50">2</text>
<rect class="list" height="50" width="40" x="385" y="25" />
<text dy=".3em" text-anchor="middle" x="405" y="50">3</text>
<path class="arrow" d="M 230,50 C 248,50 248,50 267,50 C 286,50 286,50 305,50" fill="none" marker-end="url(#newid6)" />
<circle class="int value" cx="330" cy="250" opacity="0.25" r="25" />
<text dy=".3em" opacity="0.25" text-anchor="middle" x="330" y="250">7</text>
<rect class="list" height="50" opacity="0.25" width="40" x="305" y="150" />
<text dy=".3em" opacity="0.25" text-anchor="middle" x="325" y="175">1</text>
<rect class="list" height="50" opacity="0.25" width="40" x="345" y="150" />
<text dy=".3em" opacity="0.25" text-anchor="middle" x="365" y="175">2</text>
<rect class="list" height="50" opacity="0.25" width="40" x="385" y="150" />
<text dy=".3em" opacity="0.25" text-anchor="middle" x="405" y="175">3</text>
<rect class="list" height="50" opacity="0.25" width="40" x="425" y="150" />
<text dy=".3em" opacity="0.25" text-anchor="middle" x="445" y="175">7</text>
<rect class="list" height="50" opacity="0.25" width="40" x="465" y="150" />
<text dy=".3em" opacity="0.25" text-anchor="middle" x="485" y="175">7</text>
</svg>
</div>
</div>
<div class="overlay incremental">
<pre class="python tophalf" select="7">
            def augment_twice_bad(a_list, val):
                a_list = a_list + [val, val]
                return      # not really necessary

            nums = [1, 2, 3]
            augment_twice_bad(nums, 7)
            print(nums)         # [1, 2, 3]
</pre>
<div class="opaque bottomhalf" style="text-align:center">
<svg baseProfile="full" height="400" version="1.1" width="550" xmlns="http://www.w3.org/2000/svg" xmlns:ev="http://www.w3.org/2001/xml-events" xmlns:xlink="http://www.w3.org/1999/xlink">
<defs>
<marker class="arrowend" id='newid7' markerHeight="10" markerWidth="10" orient="auto" refX="10" refY="5" viewBox="0,0,10,10">
<path d="M 0,0 L 10,5 L 0,10 L 1,5 z" />
</marker>
</defs>
<rect class="name" height="50" width="105" x="125" y="25" />
<text dy=".3em" text-anchor="middle" x="177.5" y="50">nums</text>
<rect class="list" height="50" width="40" x="305" y="25" />
<text dy=".3em" text-anchor="middle" x="325" y="50">1</text>
<rect class="list" height="50" width="40" x="345" y="25" />
<text dy=".3em" text-anchor="middle" x="365" y="50">2</text>
<rect class="list" height="50" width="40" x="385" y="25" />
<text dy=".3em" text-anchor="middle" x="405" y="50">3</text>
<path class="arrow" d="M 230,50 C 248,50 248,50 267,50 C 286,50 286,50 305,50" fill="none" marker-end="url(#newid7)" />
</svg>
</div>
</div>
<!-- }}} -->
