<!-- Animation {{{ -->
<div class="overlay">
<pre class="python tophalf">
            def func(x):
                print(x)
                return

            num = 17
            func(num)
</pre>
</div>
<div class="overlay incremental">
<pre class="python tophalf" select="5">
            def func(x):
                print(x)
                return

            num = 17
            func(num)
</pre>
<div class="opaque bottomhalf" style="text-align:center">
<svg baseProfile="full" height="400" version="1.1" width="500" xmlns="http://www.w3.org/2000/svg" xmlns:ev="http://www.w3.org/2001/xml-events" xmlns:xlink="http://www.w3.org/1999/xlink">
<defs>
<marker class="arrowend" id='newid0' markerHeight="10" markerWidth="10" orient="auto" refX="10" refY="5" viewBox="0,0,10,10">
<path d="M 0,0 L 10,5 L 0,10 L 1,5 z" />
</marker>
</defs>
<rect class="name" height="50" width="95" x="105" y="25" />
<text dy=".3em" text-anchor="middle" x="152.5" y="50">num</text>
<circle class="int value" cx="300" cy="50" r="25" />
<text dy=".3em" text-anchor="middle" x="300" y="50">17</text>
<path class="arrow" d="M 200,50 C 218,50 218,50 237,50 C 256,50 256,50 275,50" fill="none" marker-end="url(#newid0)" />
</svg>
</div>
</div>
<div class="overlay incremental">
<pre class="python tophalf" select="6">
            def func(x):
                print(x)
                return

            num = 17
            func(num)
</pre>
<div class="opaque bottomhalf" style="text-align:center">
<svg baseProfile="full" height="400" version="1.1" width="500" xmlns="http://www.w3.org/2000/svg" xmlns:ev="http://www.w3.org/2001/xml-events" xmlns:xlink="http://www.w3.org/1999/xlink">
<defs>
<marker class="arrowend" id='newid1' markerHeight="10" markerWidth="10" orient="auto" refX="10" refY="5" viewBox="0,0,10,10">
<path d="M 0,0 L 10,5 L 0,10 L 1,5 z" />
</marker>
</defs>
<rect class="name" height="50" width="95" x="105" y="25" />
<text dy=".3em" text-anchor="middle" x="152.5" y="50">num</text>
<circle class="int value" cx="300" cy="50" r="25" />
<text dy=".3em" text-anchor="middle" x="300" y="50">17</text>
<path class="arrow" d="M 200,50 C 218,50 218,50 237,50 C 256,50 256,50 275,50" fill="none" marker-end="url(#newid1)" />
<rect class="frame" height="125" rx="20" ry="20" width="200" x="25" y="100" />
<text class="framelabel" dy=".3em" opacity="1" text-anchor="middle" x="125" y="125">func</text>
<rect class="name" height="50" width="62" x="138" y="150" />
<text dy=".3em" text-anchor="middle" x="169" y="175">x</text>
<path class="arrow" d="M 200,175 C 236,175 236,148 237,112 C 238,76 238,50 275,50" fill="none" marker-end="url(#newid1)" />
</svg>
</div>
</div>
<div class="overlay incremental">
<pre class="python tophalf" select="1">
            def func(x):
                print(x)
                return

            num = 17
            func(num)
</pre>
<div class="opaque bottomhalf" style="text-align:center">
<svg baseProfile="full" height="400" version="1.1" width="500" xmlns="http://www.w3.org/2000/svg" xmlns:ev="http://www.w3.org/2001/xml-events" xmlns:xlink="http://www.w3.org/1999/xlink">
<defs>
<marker class="arrowend" id='newid2' markerHeight="10" markerWidth="10" orient="auto" refX="10" refY="5" viewBox="0,0,10,10">
<path d="M 0,0 L 10,5 L 0,10 L 1,5 z" />
</marker>
</defs>
<rect class="name" height="50" width="95" x="105" y="25" />
<text dy=".3em" text-anchor="middle" x="152.5" y="50">num</text>
<circle class="int value" cx="300" cy="50" r="25" />
<text dy=".3em" text-anchor="middle" x="300" y="50">17</text>
<path class="arrow" d="M 200,50 C 218,50 218,50 237,50 C 256,50 256,50 275,50" fill="none" marker-end="url(#newid2)" />
<rect class="frame" height="125" rx="20" ry="20" width="200" x="25" y="100" />
<text class="framelabel" dy=".3em" opacity="1" text-anchor="middle" x="125" y="125">func</text>
<rect class="name" height="50" width="62" x="138" y="150" />
<text dy=".3em" text-anchor="middle" x="169" y="175">x</text>
<path class="arrow" d="M 200,175 C 236,175 236,148 237,112 C 238,76 238,50 275,50" fill="none" marker-end="url(#newid2)" />
</svg>
</div>
</div>
<div class="overlay incremental">
<pre class="python tophalf" select="2">
            def func(x):
                print(x)
                return

            num = 17
            func(num)
</pre>
<div class="opaque bottomhalf" style="text-align:center">
<svg baseProfile="full" height="400" version="1.1" width="500" xmlns="http://www.w3.org/2000/svg" xmlns:ev="http://www.w3.org/2001/xml-events" xmlns:xlink="http://www.w3.org/1999/xlink">
<defs>
<marker class="arrowend" id='newid3' markerHeight="10" markerWidth="10" orient="auto" refX="10" refY="5" viewBox="0,0,10,10">
<path d="M 0,0 L 10,5 L 0,10 L 1,5 z" />
</marker>
</defs>
<rect class="name" height="50" width="95" x="105" y="25" />
<text dy=".3em" text-anchor="middle" x="152.5" y="50">num</text>
<circle class="int value" cx="300" cy="50" r="25" />
<text dy=".3em" text-anchor="middle" x="300" y="50">17</text>
<path class="arrow" d="M 200,50 C 218,50 218,50 237,50 C 256,50 256,50 275,50" fill="none" marker-end="url(#newid3)" />
<rect class="frame" height="125" rx="20" ry="20" width="200" x="25" y="100" />
<text class="framelabel" dy=".3em" opacity="1" text-anchor="middle" x="125" y="125">func</text>
<rect class="name" height="50" width="62" x="138" y="150" />
<text dy=".3em" text-anchor="middle" x="169" y="175">x</text>
<path class="arrow" d="M 200,175 C 236,175 236,148 237,112 C 238,76 238,50 275,50" fill="none" marker-end="url(#newid3)" />
</svg>
</div>
</div>
<div class="overlay incremental">
<pre class="python tophalf" select="3">
            def func(x):
                print(x)
                return

            num = 17
            func(num)
</pre>
<div class="opaque bottomhalf" style="text-align:center">
<svg baseProfile="full" height="400" version="1.1" width="500" xmlns="http://www.w3.org/2000/svg" xmlns:ev="http://www.w3.org/2001/xml-events" xmlns:xlink="http://www.w3.org/1999/xlink">
<defs>
<marker class="arrowend" id='newid4' markerHeight="10" markerWidth="10" orient="auto" refX="10" refY="5" viewBox="0,0,10,10">
<path d="M 0,0 L 10,5 L 0,10 L 1,5 z" />
</marker>
</defs>
<rect class="name" height="50" width="95" x="105" y="25" />
<text dy=".3em" text-anchor="middle" x="152.5" y="50">num</text>
<circle class="int value" cx="300" cy="50" r="25" />
<text dy=".3em" text-anchor="middle" x="300" y="50">17</text>
<path class="arrow" d="M 200,50 C 218,50 218,50 237,50 C 256,50 256,50 275,50" fill="none" marker-end="url(#newid4)" />
<rect class="frame" height="125" opacity="0.25" rx="20" ry="20" width="200" x="25" y="100" />
<text class="framelabel" dy=".3em" opacity="0.25" text-anchor="middle" x="125" y="125">func</text>
<rect class="name" height="50" opacity="0.25" width="62" x="138" y="150" />
<text dy=".3em" opacity="0.25" text-anchor="middle" x="169" y="175">x</text>
<path class="arrow" d="M 200,175 C 236,175 236,148 237,112 C 238,76 238,50 275,50" fill="none" marker-end="url(#newid4)" opacity="0.25" />
</svg>
</div>
</div>
<div class="overlay incremental">
<pre class="python tophalf" select="6">
            def func(x):
                print(x)
                return

            num = 17
            func(num)
</pre>
<div class="opaque bottomhalf" style="text-align:center">
<svg baseProfile="full" height="400" version="1.1" width="500" xmlns="http://www.w3.org/2000/svg" xmlns:ev="http://www.w3.org/2001/xml-events" xmlns:xlink="http://www.w3.org/1999/xlink">
<defs>
<marker class="arrowend" id='newid5' markerHeight="10" markerWidth="10" orient="auto" refX="10" refY="5" viewBox="0,0,10,10">
<path d="M 0,0 L 10,5 L 0,10 L 1,5 z" />
</marker>
</defs>
<rect class="name" height="50" width="95" x="105" y="25" />
<text dy=".3em" text-anchor="middle" x="152.5" y="50">num</text>
<circle class="int value" cx="300" cy="50" r="25" />
<text dy=".3em" text-anchor="middle" x="300" y="50">17</text>
<path class="arrow" d="M 200,50 C 218,50 218,50 237,50 C 256,50 256,50 275,50" fill="none" marker-end="url(#newid5)" />
</svg>
</div>
</div>
<!-- }}} -->
