<svg baseProfile="full" height="600" version="1.1" width="400" xmlns="http://www.w3.org/2000/svg" xmlns:ev="http://www.w3.org/2001/xml-events" xmlns:xlink="http://www.w3.org/1999/xlink">
<defs>
<marker id='newid0' markerHeight="10" markerWidth="10" orient="auto" refX="10" refY="5" viewBox="0,0,10,10">
<path d="M 0,0 L 10,5 L 0,10 L 1,5 z" fill="black" stroke="none" />
</marker>
</defs>
<g transform="scale(0.55)">
<rect class="name" height="50" width="114" x="86" y="25" />
<text dy=".3em" text-anchor="middle" x="143" y="50">qyhgtr</text>
<rect class="name" height="50" width="95" x="105" y="100" />
<text dy=".3em" text-anchor="middle" x="152.5" y="125">rkud</text>
<rect class="frame" height="200" rx="20" ry="20" width="200" x="25" y="175" />
<text class="framelabel" dy=".3em" opacity="1" text-anchor="middle" x="125" y="200">func_jguqdor</text>
<rect class="name" height="50" width="82" x="118" y="225" />
<text dy=".3em" text-anchor="middle" x="159" y="250">qdi</text>
<rect class="name" height="50" width="82" x="118" y="300" />
<text dy=".3em" text-anchor="middle" x="159" y="325">fzk</text>
<rect class="frame" height="275" rx="20" ry="20" width="200" x="25" y="400" />
<text class="framelabel" dy=".3em" opacity="1" text-anchor="middle" x="125" y="425">func_pwrcp</text>
<rect class="name" height="50" width="120" x="80" y="450" />
<text dy=".3em" text-anchor="middle" x="140" y="475">ecwnfl</text>
<rect class="name" height="50" width="100" x="100" y="525" />
<text dy=".3em" text-anchor="middle" x="150" y="550">uncv</text>
<rect class="name" height="50" width="82" x="118" y="600" />
<text dy=".3em" text-anchor="middle" x="159" y="625">hat</text>
<rect class="frame" height="200" rx="20" ry="20" width="200" x="25" y="700" />
<text class="framelabel" dy=".3em" opacity="1" text-anchor="middle" x="125" y="725">func_cmrnl</text>
<rect class="name" height="50" width="115" x="85" y="750" />
<text dy=".3em" text-anchor="middle" x="142.5" y="775">lpcmg</text>
<rect class="name" height="50" width="132" x="68" y="825" />
<text dy=".3em" text-anchor="middle" x="134" y="850">ybdsoas</text>
<rect class="list" height="50" width="40" x="375" y="25" />
<text dy=".3em" text-anchor="middle" x="395" y="50">10</text>
<rect class="list" height="50" width="40" x="415" y="25" />
<text dy=".3em" text-anchor="middle" x="435" y="50">14</text>
<rect class="list" height="50" width="40" x="455" y="25" />
<text dy=".3em" text-anchor="middle" x="475" y="50">20</text>
<rect class="list" height="50" width="40" x="495" y="25" />
<text dy=".3em" text-anchor="middle" x="515" y="50">9</text>
<rect class="list" height="50" width="40" x="535" y="25" />
<text dy=".3em" text-anchor="middle" x="555" y="50">9</text>
<rect class="list" height="50" width="40" x="575" y="25" />
<text dy=".3em" text-anchor="middle" x="595" y="50">8</text>
<rect class="list" height="50" width="40" x="375" y="100" />
<text dy=".3em" text-anchor="middle" x="395" y="125">9</text>
<rect class="list" height="50" width="40" x="415" y="100" />
<text dy=".3em" text-anchor="middle" x="435" y="125">11</text>
<rect class="list" height="50" width="40" x="455" y="100" />
<text dy=".3em" text-anchor="middle" x="475" y="125">5</text>
<rect class="list" height="50" width="40" x="495" y="100" />
<text dy=".3em" text-anchor="middle" x="515" y="125">9</text>
<rect class="list" height="50" width="40" x="535" y="100" />
<text dy=".3em" text-anchor="middle" x="555" y="125">20</text>
<rect class="list" height="50" width="40" x="575" y="100" />
<text dy=".3em" text-anchor="middle" x="595" y="125">14</text>
<rect class="list" height="50" width="40" x="615" y="100" />
<text dy=".3em" text-anchor="middle" x="635" y="125">9</text>
<rect class="list" height="50" width="40" x="375" y="225" />
<text dy=".3em" text-anchor="middle" x="395" y="250">9</text>
<rect class="list" height="50" width="40" x="415" y="225" />
<text dy=".3em" text-anchor="middle" x="435" y="250">5</text>
<rect class="list" height="50" width="40" x="455" y="225" />
<text dy=".3em" text-anchor="middle" x="475" y="250">7</text>
<rect class="list" height="50" width="40" x="495" y="225" />
<text dy=".3em" text-anchor="middle" x="515" y="250">8</text>
<rect class="list" height="50" width="40" x="535" y="225" />
<text dy=".3em" text-anchor="middle" x="555" y="250">8</text>
<rect class="list" height="50" width="40" x="575" y="225" />
<text dy=".3em" text-anchor="middle" x="595" y="250">18</text>
<rect class="string value" height="50" rx="25" ry="25" width="110" x="375" y="300" />
<text dy=".3em" text-anchor="middle" x="430" y="325">'pxht'</text>
<rect class="string value" height="50" rx="25" ry="25" width="120" x="375" y="450" />
<text dy=".3em" text-anchor="middle" x="435" y="475">'pytnv'</text>
<rect class="string value" height="50" rx="25" ry="25" width="110" x="375" y="525" />
<text dy=".3em" text-anchor="middle" x="430" y="550">'youi'</text>
<rect class="list" height="50" width="40" x="375" y="600" />
<text dy=".3em" text-anchor="middle" x="395" y="625">8</text>
<rect class="list" height="50" width="40" x="415" y="600" />
<text dy=".3em" text-anchor="middle" x="435" y="625">19</text>
<rect class="list" height="50" width="40" x="455" y="600" />
<text dy=".3em" text-anchor="middle" x="475" y="625">12</text>
<rect class="list" height="50" width="40" x="495" y="600" />
<text dy=".3em" text-anchor="middle" x="515" y="625">10</text>
<rect class="list" height="50" width="40" x="535" y="600" />
<text dy=".3em" text-anchor="middle" x="555" y="625">9</text>
<rect class="list" height="50" width="40" x="575" y="600" />
<text dy=".3em" text-anchor="middle" x="595" y="625">6</text>
<rect class="list" height="50" width="40" x="615" y="600" />
<text dy=".3em" text-anchor="middle" x="635" y="625">8</text>
<rect class="list" height="50" width="40" x="655" y="600" />
<text dy=".3em" text-anchor="middle" x="675" y="625">16</text>
<circle class="int value" cx="400" cy="775" r="25" />
<text dy=".3em" text-anchor="middle" x="400" y="775">9</text>
<rect class="list" height="50" width="40" x="375" y="825" />
<text dy=".3em" text-anchor="middle" x="395" y="850">11</text>
<rect class="list" height="50" width="40" x="415" y="825" />
<text dy=".3em" text-anchor="middle" x="435" y="850">17</text>
<rect class="list" height="50" width="40" x="455" y="825" />
<text dy=".3em" text-anchor="middle" x="475" y="850">9</text>
<rect class="list" height="50" width="40" x="495" y="825" />
<text dy=".3em" text-anchor="middle" x="515" y="850">10</text>
<rect class="list" height="50" width="40" x="535" y="825" />
<text dy=".3em" text-anchor="middle" x="555" y="850">11</text>
<rect class="list" height="50" width="40" x="575" y="825" />
<text dy=".3em" text-anchor="middle" x="595" y="850">7</text>
<rect class="list" height="50" width="40" x="615" y="825" />
<text dy=".3em" text-anchor="middle" x="635" y="850">8</text>
<path class="arrow" d="M 200,50 C 243,50 243,50 287,50 C 331,50 331,50 375,50" fill="none" marker-end="url(#newid0)" />
<path class="arrow" d="M 200,250 C 253,250 261,234 287,187 C 313,140 321,125 375,125" fill="none" marker-end="url(#newid0)" />
<path class="arrow" d="M 200,475 C 271,475 277,433 287,362 C 297,291 303,250 375,250" fill="none" marker-end="url(#newid0)" />
<path class="arrow" d="M 200,125 C 266,125 273,159 287,225 C 301,290 308,325 375,325" fill="none" marker-end="url(#newid0)" />
<path class="arrow" d="M 200,325 C 257,325 266,346 287,400 C 308,453 317,475 375,475" fill="none" marker-end="url(#newid0)" />
<path class="arrow" d="M 200,550 C 243,550 243,550 287,550 C 331,550 331,550 375,550" fill="none" marker-end="url(#newid0)" />
<path class="arrow" d="M 200,775 C 257,775 266,753 287,700 C 308,646 317,625 375,625" fill="none" marker-end="url(#newid0)" />
<path class="arrow" d="M 200,625 C 257,625 266,646 287,700 C 308,753 317,775 375,775" fill="none" marker-end="url(#newid0)" />
<path class="arrow" d="M 200,850 C 243,850 243,850 287,850 C 331,850 331,850 375,850" fill="none" marker-end="url(#newid0)" />
</g>
</svg>
