<!-- Animation {{{ -->
<div class="overlay">
<pre class="python tophalf">
            x = 23
            y = x
            x = 12
</pre>
</div>
<div class="overlay incremental">
<pre class="python tophalf" select="1">
            x = 23
            y = x
            x = 12
</pre>
<div class="opaque bottomhalf" style="text-align:center">
<svg baseProfile="full" height="400" version="1.1" width="500" xmlns="http://www.w3.org/2000/svg" xmlns:ev="http://www.w3.org/2001/xml-events" xmlns:xlink="http://www.w3.org/1999/xlink">
<defs>
<marker id='newid0' markerHeight="10" markerWidth="10" orient="auto" refX="10" refY="5" viewBox="0,0,10,10">
<path d="M 0,0 L 10,5 L 0,10 L 1,5 z" fill="black" stroke="none" />
</marker>
</defs>
<rect class="name" height="50" width="62" x="138" y="25" />
<text dy=".3em" text-anchor="middle" x="169" y="50">x</text>
<circle class="int value" cx="300" cy="50" r="25" />
<text dy=".3em" text-anchor="middle" x="300" y="50">23</text>
<path class="arrow" d="M 200,50 C 218,50 218,50 237,50 C 256,50 256,50 275,50" fill="none" marker-end="url(#newid0)" />
<rect class="name" height="50" width="62" x="138" y="25" />
<text dy=".3em" text-anchor="middle" x="169" y="50">x</text>
</svg>
</div>
</div>
<div class="overlay incremental">
<pre class="python tophalf" select="2">
            x = 23
            y = x
            x = 12
</pre>
<div class="opaque bottomhalf" style="text-align:center">
<svg baseProfile="full" height="400" version="1.1" width="500" xmlns="http://www.w3.org/2000/svg" xmlns:ev="http://www.w3.org/2001/xml-events" xmlns:xlink="http://www.w3.org/1999/xlink">
<defs>
<marker id='newid1' markerHeight="10" markerWidth="10" orient="auto" refX="10" refY="5" viewBox="0,0,10,10">
<path d="M 0,0 L 10,5 L 0,10 L 1,5 z" fill="black" stroke="none" />
</marker>
</defs>
<rect class="name" height="50" width="62" x="138" y="25" />
<text dy=".3em" text-anchor="middle" x="169" y="50">x</text>
<rect class="name" height="50" width="62" x="138" y="175" />
<text dy=".3em" text-anchor="middle" x="169" y="200">y</text>
<circle class="int value" cx="300" cy="125" r="25" />
<text dy=".3em" text-anchor="middle" x="300" y="125">23</text>
<path class="arrow" d="M 200,50 C 226,50 230,62 237,87 C 244,112 248,125 275,125" fill="none" marker-end="url(#newid1)" />
<path class="arrow" d="M 200,200 C 226,200 230,187 237,162 C 244,137 248,125 275,125" fill="none" marker-end="url(#newid1)" />
<rect class="name" height="50" width="62" x="138" y="25" />
<text dy=".3em" text-anchor="middle" x="169" y="50">x</text>
</svg>
</div>
</div>
<div class="overlay incremental">
<pre class="python tophalf" select="3">
            x = 23
            y = x
            x = 12
</pre>
<div class="opaque bottomhalf" style="text-align:center">
<svg baseProfile="full" height="400" version="1.1" width="500" xmlns="http://www.w3.org/2000/svg" xmlns:ev="http://www.w3.org/2001/xml-events" xmlns:xlink="http://www.w3.org/1999/xlink">
<defs>
<marker id='newid2' markerHeight="10" markerWidth="10" orient="auto" refX="10" refY="5" viewBox="0,0,10,10">
<path d="M 0,0 L 10,5 L 0,10 L 1,5 z" fill="black" stroke="none" />
</marker>
</defs>
<rect class="name" height="50" width="62" x="138" y="175" />
<text dy=".3em" text-anchor="middle" x="169" y="200">y</text>
<circle class="int value" cx="300" cy="125" r="25" />
<text dy=".3em" text-anchor="middle" x="300" y="125">23</text>
<path class="arrow" d="M 200,200 C 226,200 230,187 237,162 C 244,137 248,125 275,125" fill="none" marker-end="url(#newid2)" />
<rect class="name" height="50" width="62" x="138" y="25" />
<text dy=".3em" text-anchor="middle" x="169" y="50">x</text>
<circle class="int value" cx="300" cy="50" r="25" />
<text dy=".3em" text-anchor="middle" x="300" y="50">12</text>
<path class="arrow" d="M 200,50 C 218,50 218,50 237,50 C 256,50 256,50 275,50" fill="none" marker-end="url(#newid2)" />
</svg>
</div>
</div>
<!-- }}} -->
