<svg id='newid0'>
<x id='newid1' y='#newid0'/>
</svg>