<!-- Animation {{{ -->
<div class="overlay">
<pre class="python tophalf">
            x = "hello"
            ...
            x = "world"
</pre>
</div>
<div class="overlay incremental">
<pre class="python tophalf" select="1">
            x = "hello"
            ...
            x = "world"
</pre>
<div class="opaque bottomhalf" style="text-align:center">
<svg baseProfile="full" height="400" version="1.1" width="500" xmlns="http://www.w3.org/2000/svg" xmlns:ev="http://www.w3.org/2001/xml-events" xmlns:xlink="http://www.w3.org/1999/xlink">
<defs>
<marker id='newid0' markerHeight="10" markerWidth="10" orient="auto" refX="10" refY="5" viewBox="0,0,10,10">
<path d="M 0,0 L 10,5 L 0,10 L 1,5 z" fill="black" stroke="none" />
</marker>
</defs>
<rect class="name" height="50" width="62" x="138" y="25" />
<text dy=".3em" text-anchor="middle" x="169" y="50">x</text>
<rect class="string value" height="50" rx="25" ry="25" width="120" x="275" y="25" />
<text dy=".3em" text-anchor="middle" x="335" y="50">'hello'</text>
<path class="arrow" d="M 200,50 C 218,50 218,50 237,50 C 256,50 256,50 275,50" fill="none" marker-end="url(#newid0)" />
</svg>
</div>
</div>
<div class="overlay incremental">
<pre class="python tophalf" select="3">
            x = "hello"
            ...
            x = "world"
</pre>
<div class="opaque bottomhalf" style="text-align:center">
<svg baseProfile="full" height="400" version="1.1" width="500" xmlns="http://www.w3.org/2000/svg" xmlns:ev="http://www.w3.org/2001/xml-events" xmlns:xlink="http://www.w3.org/1999/xlink">
<defs>
<marker id='newid1' markerHeight="10" markerWidth="10" orient="auto" refX="10" refY="5" viewBox="0,0,10,10">
<path d="M 0,0 L 10,5 L 0,10 L 1,5 z" fill="black" stroke="none" />
</marker>
</defs>
<rect class="string value" height="50" opacity="0.25" rx="25" ry="25" width="120" x="275" y="25" />
<text dy=".3em" opacity="0.25" text-anchor="middle" x="335" y="50">'hello'</text>
<rect class="name" height="50" width="62" x="138" y="25" />
<text dy=".3em" text-anchor="middle" x="169" y="50">x</text>
<rect class="string value" height="50" rx="25" ry="25" width="120" x="275" y="100" />
<text dy=".3em" text-anchor="middle" x="335" y="125">'world'</text>
<path class="arrow" d="M 200,50 C 226,50 230,62 237,87 C 244,112 248,125 275,125" fill="none" marker-end="url(#newid1)" />
</svg>
</div>
</div>
<div class="overlay incremental">
<pre class="python tophalf" select="3">
            x = "hello"
            ...
            x = "world"
</pre>
<div class="opaque bottomhalf" style="text-align:center">
<svg baseProfile="full" height="400" version="1.1" width="500" xmlns="http://www.w3.org/2000/svg" xmlns:ev="http://www.w3.org/2001/xml-events" xmlns:xlink="http://www.w3.org/1999/xlink">
<defs>
<marker id='newid2' markerHeight="10" markerWidth="10" orient="auto" refX="10" refY="5" viewBox="0,0,10,10">
<path d="M 0,0 L 10,5 L 0,10 L 1,5 z" fill="black" stroke="none" />
</marker>
</defs>
<rect class="name" height="50" width="62" x="138" y="25" />
<text dy=".3em" text-anchor="middle" x="169" y="50">x</text>
<rect class="string value" height="50" rx="25" ry="25" width="120" x="275" y="100" />
<text dy=".3em" text-anchor="middle" x="335" y="125">'world'</text>
<path class="arrow" d="M 200,50 C 226,50 230,62 237,87 C 244,112 248,125 275,125" fill="none" marker-end="url(#newid2)" />
</svg>
</div>
</div>
<!-- }}} -->
